'MI32.moment_zero' depends on axioms: [propext, Classical.choice, Quot.sound]
'MI32.weakMoment_univ' depends on axioms: [propext, Classical.choice, Quot.sound]
'MI32.spectralNorm_eq_l2_operator' depends on axioms: [propext, Classical.choice, Quot.sound]
'MI32.first_deletion_exponent' depends on axioms: [propext, Classical.choice, Quot.sound]
'MI32.moment_nat_pow' depends on axioms: [propext, Classical.choice, Quot.sound]
'MI32.integral_pow_doubling' depends on axioms: [propext, Classical.choice, Quot.sound]
'MI32.PositivePolynomial.tensorMoment_add_le' depends on axioms: [propext, Classical.choice, Quot.sound]
'MI32.PositivePolynomial.positive_sum_second_moment_le' depends on axioms: [propext, Classical.choice, Quot.sound]
'MI32.PositivePolynomial.integrable_monomial' depends on axioms: [propext, Classical.choice, Quot.sound]
'MI32.PositivePolynomial.integral_evaluate_sq_le' depends on axioms: [propext, Classical.choice, Quot.sound]
'MI32.PositivePolynomial.moment_add_le_of_doubling' depends on axioms: [propext, Classical.choice, Quot.sound]
'MI32.PositivePolynomial.integral_evaluate_sq_le_of_doubling' depends on axioms: [propext, Classical.choice, Quot.sound]
'MI32.positive_polynomial_second_moment_of_regular' depends on axioms: [propext, Classical.choice, Quot.sound]
'MI32.fourth_sum_squares_le' depends on axioms: [propext, Classical.choice, Quot.sound]
'MI32.hilbert_walsh_fourth_le' depends on axioms: [propext, Classical.choice, Quot.sound]
'MI32.ParityGeometry.multiplicationEntry_eq_creation_add_annihilation' depends on axioms: [propext,
 Classical.choice,
 Quot.sound]
'MI32.ParityGeometry.creationEntry_eq_grade_compression' depends on axioms: [propext, Classical.choice, Quot.sound]
'MI32.ParityGeometry.annihilationEntry_eq_grade_compression' depends on axioms: [propext, Classical.choice, Quot.sound]
'MI32.ParityGeometry.creationApply_eq_label_sum' depends on axioms: [propext, Classical.choice, Quot.sound]
'MI32.ParityGeometry.annihilationApply_eq_label_sum' depends on axioms: [propext, Classical.choice, Quot.sound]
'MI32.ParityGeometry.creationGram_eq_zero_of_rowCount_ne' depends on axioms: [propext, Classical.choice, Quot.sound]
'MI32.PositiveCone.evaluate_energy' depends on axioms: [propext, Classical.choice, Quot.sound]
'MI32.PositiveCone.walsh_second_eq_energy' depends on axioms: [propext, Classical.choice, Quot.sound]
'MI32.PositiveCone.integrated_walsh_fourth_le' depends on axioms: [propext, Classical.choice, Quot.sound]
'MI32.positive_cone_fourth_moment_of_regular' depends on axioms: [propext, Classical.choice, Quot.sound]
'MI32.RawParity.parity_card_le_degree' depends on axioms: [propext, Classical.choice, Quot.sound]
'MI32.RawParity.monomial_sign' depends on axioms: [propext, Classical.choice, Quot.sound]
'MI32.RawParity.evaluate_sign_eq_cutoff' depends on axioms: [propext, Classical.choice, Quot.sound]
'MI32.RawParity.parity_add' depends on axioms: [propext, Classical.choice, Quot.sound]
'MI32.raw_positive_polynomial_fourth_moment' depends on axioms: [propext, Classical.choice, Quot.sound]
'MI32.ConeInterpolation.moment_holder_order_le' depends on axioms: [propext, Classical.choice, Quot.sound]
'MI32.ConeInterpolation.moment_four_q_le' depends on axioms: [propext, Classical.choice, Quot.sound]
'MI32.ConeInterpolation.memLp_of_fourth' depends on axioms: [propext, Classical.choice, Quot.sound]
'MI32.SymmetricLaw.map_signedAbs_eq' depends on axioms: [propext, Classical.choice, Quot.sound]
'MI32.SymmetricLaw.map_independent_signedAbs_eq_original' depends on axioms: [propext, Classical.choice, Quot.sound]
'MI32.SymmetricLaw.integral_eq_walsh_signedAbs' depends on axioms: [propext, Classical.choice, Quot.sound]
'MI32.SymmetricLaw.independent_abs' depends on axioms: [propext, Classical.choice, Quot.sound]
'MI32.exists_half_net' depends on axioms: [propext, Classical.choice, Quot.sound]
'MI32.opNorm_le_two_of_half_net' depends on axioms: [propext, Classical.choice, Quot.sound]
'MI32.opNorm_pow_le_net_sum' depends on axioms: [propext, Classical.choice, Quot.sound]
'MI32.integral_opNorm_pow_le_of_images' depends on axioms: [propext, Classical.choice, Quot.sound]
'MI32.integral_linear_sum_sq' depends on axioms: [propext, Classical.choice, Quot.sound]
'MI32.integral_matrix_image_sq' depends on axioms: [propext, Classical.choice, Quot.sound]
'MI32.integral_matrix_image_sq_le' depends on axioms: [propext, Classical.choice, Quot.sound]
'MI32.matrixRowImage_norm_sq' depends on axioms: [propext, Classical.choice, Quot.sound]
'MI32.integral_matrixRowImage_norm_le' depends on axioms: [propext, Classical.choice, Quot.sound]
'MI32.SymmetricPositiveCone.integrable_normSq' depends on axioms: [propext, Classical.choice, Quot.sound]
'MI32.SymmetricPositiveCone.integrable_normSq_sq' depends on axioms: [propext, Classical.choice, Quot.sound]
'MI32.SymmetricPositiveCone.fourth_moment' depends on axioms: [propext, Classical.choice, Quot.sound]
'MI32.SymmetricPositiveCone.fourth_norm_moment' depends on axioms: [propext, Classical.choice, Quot.sound]
'MI32.PositiveLinearPowers.wordExponent_degree' depends on axioms: [propext, Classical.choice, Quot.sound]
'MI32.PositiveLinearPowers.evaluate_words' depends on axioms: [propext, Classical.choice, Quot.sound]
'MI32.PositiveLinearPowers.signed_linear_even_moment_doubling_real_coeff' depends on axioms: [propext,
 Classical.choice,
 Quot.sound]
'MI32.PositiveLinearPowers.signed_linear_even_root_doubling' depends on axioms: [propext, Classical.choice, Quot.sound]
'MI32.PositiveMomentComparison.integral_evaluate_le_of_moments' depends on axioms: [propext,
 Classical.choice,
 Quot.sound]
'MI32.SymmetricMomentComparison.integral_odd_power_eq_zero' depends on axioms: [propext, Classical.choice, Quot.sound]
'MI32.SymmetricMomentComparison.sum_even_power_le' depends on axioms: [propext, Classical.choice, Quot.sound]
'MI32.SymmetricMomentComparison.sum_even_moment_le_of_coordinate_moments' depends on axioms: [propext,
 Classical.choice,
 Quot.sound]
'MI32.CopySymmetrization.centered_even_moment_le_copy' depends on axioms: [propext, Classical.choice, Quot.sound]
'MI32.HilbertConditioning.integral_inner_pow_le_of_unit' depends on axioms: [propext, Classical.choice, Quot.sound]
'MI32.HilbertConditioning.integral_copy_inner_pow_le' depends on axioms: [propext, Classical.choice, Quot.sound]
'MI32.IndependentColumns.independent_column_vectors' depends on axioms: [propext, Classical.choice, Quot.sound]
'MI32.IndependentColumns.independent_columnLinearForm' depends on axioms: [propext, Classical.choice, Quot.sound]
'MI32.IndependentColumns.symmetric_columnLinearForm' depends on axioms: [propext, Classical.choice, Quot.sound]
'MI32.IndependentColumns.integrable_abs_rpow_columnLinearForm' depends on axioms: [propext,
 Classical.choice,
 Quot.sound]
'MI32.IndependentColumns.integral_columnLinearForm_eq_zero' depends on axioms: [propext, Classical.choice, Quot.sound]
'MI32.DiagonalCopyComparison.independent_coordinatePairs' depends on axioms: [propext, Classical.choice, Quot.sound]
'MI32.DiagonalCopyComparison.independent_squareDifferences' depends on axioms: [propext, Classical.choice, Quot.sound]
'MI32.DiagonalCopyComparison.independent_copyProducts' depends on axioms: [propext, Classical.choice, Quot.sound]
'MI32.DiagonalCopyComparison.symmetric_squareDifference' depends on axioms: [propext, Classical.choice, Quot.sound]
'MI32.DiagonalCopyComparison.symmetric_copyProduct' depends on axioms: [propext, Classical.choice, Quot.sound]
'MI32.DiagonalCopyComparison.integrable_copyProduct_pow' depends on axioms: [propext, Classical.choice, Quot.sound]
'MI32.DiagonalCopyComparison.integrable_squareDifference_pow' depends on axioms: [propext, Classical.choice, Quot.sound]
'MI32.DiagonalCopyComparison.coordinate_even_moment_le_nat' depends on axioms: [propext, Classical.choice, Quot.sound]
'MI32.MomentTools.memLp_of_integrable_abs_rpow' depends on axioms: [propext, Classical.choice, Quot.sound]
'MI32.MomentTools.memLp_square' depends on axioms: [propext, Classical.choice, Quot.sound]
'MI32.MomentTools.add_le' depends on axioms: [propext, Classical.choice, Quot.sound]
'MI32.MomentTools.mono_exponent' depends on axioms: [propext, Classical.choice, Quot.sound]
'MI32.MomentTools.square' depends on axioms: [propext, Classical.choice, Quot.sound]
'MI32.MomentTools.two_order_square_le_mean_add_centered_square' depends on axioms: [propext,
 Classical.choice,
 Quot.sound]
'MI32.MomentTools.even_moment_le_of_integral_le' depends on axioms: [propext, Classical.choice, Quot.sound]
'MI32.SymmetricLinearRegularity.linear_even_root_doubling' depends on axioms: [propext, Classical.choice, Quot.sound]
'MI32.SymmetricLinearRegularity.columnLinearForm_even_root_doubling' depends on axioms: [propext,
 Classical.choice,
 Quot.sound]
'MI32.HilbertComparison.independent_coordinate_moment_le' depends on axioms: [propext, Classical.choice, Quot.sound]
'MI32.ThinMomentRoot.opNorm_moment_le_of_images' depends on axioms: [propext, Classical.choice, Quot.sound]
'MI32.ThinMomentRoot.opNorm_moment_four_mul_le_of_images' depends on axioms: [propext, Classical.choice, Quot.sound]
'MI32.SymmetricConeInterpolation.moment_holder_order_le' depends on axioms: [propext, Classical.choice, Quot.sound]
'MI32.SymmetricConeInterpolation.moment_four_q_le' depends on axioms: [propext, Classical.choice, Quot.sound]
'MI32.ActiveCountSectors.annihilation_support_card_le' depends on axioms: [propext, Classical.choice, Quot.sound]
'MI32.ActiveCountSectors.annihilation_support_card_le_of_coeff_ne_zero' depends on axioms: [propext,
 Classical.choice,
 Quot.sound]
'MI32.ActiveCountSectors.creation_evaluate_eq_zero' depends on axioms: [propext, Classical.choice, Quot.sound]
'MI32.ActiveCountSectors.creation_maskCoeff_eq_zero' depends on axioms: [propext, Classical.choice, Quot.sound]
'MI32.ActiveCountSectors.creation_support_card_le' depends on axioms: [propext, Classical.choice, Quot.sound]
'MI32.ActiveCountSectors.creation_support_card_le_of_coeff_ne_zero' depends on axioms: [propext,
 Classical.choice,
 Quot.sound]
'MI32.AnnihilationSectorContraction.inputCoeff_eq_zero_of_support_card_gt' depends on axioms: [propext,
 Classical.choice,
 Quot.sound]
'MI32.AnnihilationSectorContraction.input_polynomial_eq_zero' depends on axioms: [propext, Classical.choice, Quot.sound]
'MI32.AnnihilationSectorContraction.sectorAction_eq_zero' depends on axioms: [propext, Classical.choice, Quot.sound]
'MI32.AnnihilationSectorContraction.sectorAction_l2_le' depends on axioms: [propext, Classical.choice, Quot.sound]
'MI32.AxisRestriction.bilinear_restrict_axes' depends on axioms: [propext, Classical.choice, Quot.sound]
'MI32.AxisRestriction.moment_restrict_axes' depends on axioms: [propext, Classical.choice, Quot.sound]
'MI32.AxisRestriction.norm_zeroExtend' depends on axioms: [propext, Classical.choice, Quot.sound]
'MI32.AxisRestriction.thin_weak_test_restrict_cols' depends on axioms: [propext, Classical.choice, Quot.sound]
'MI32.AxisRestriction.thin_weak_test_restrict_rows' depends on axioms: [propext, Classical.choice, Quot.sound]
'MI32.AxisRestriction.thin_weak_test_transposed_cols' depends on axioms: [propext, Classical.choice, Quot.sound]
'MI32.AxisRestriction.transposeOperator_restrict_rows' depends on axioms: [propext, Classical.choice, Quot.sound]
'MI32.AxisRestriction.weak_test_restrict_axes' depends on axioms: [propext, Classical.choice, Quot.sound]
'MI32.AxisRestriction.zeroExtendIsometry' depends on axioms: [propext, Classical.choice, Quot.sound]
'MI32.CreationSectorContraction.sectorAction_l2_le' depends on axioms: [propext, Classical.choice, Quot.sound]
'MI32.MaskedPolynomialAction.evaluateHilbert_extend_eq_action' depends on axioms: [propext,
 Classical.choice,
 Quot.sound]
'MI32.MaskedPolynomialAction.maskedAction_moment_le' depends on axioms: [propext, Classical.choice, Quot.sound]
'MI32.MultiplicationHolder.dominated_product_moment_le' depends on axioms: [propext, Classical.choice, Quot.sound]
'MI32.MultiplicationHolder.operator_action_l2_le' depends on axioms: [propext, Classical.choice, Quot.sound]
'MI32.MultiplicationHolder.product_moment_le' depends on axioms: [propext, Classical.choice, Quot.sound]
'MI32.OutputPolynomialInteraction.action_l2_le' depends on axioms: [propext, Classical.choice, Quot.sound]
'MI32.OutputPolynomialInteraction.measurable_action' depends on axioms: [propext, Classical.choice, Quot.sound]
'MI32.OutputPolynomialInteraction.same_entries_action_l2_le' depends on axioms: [propext, Classical.choice, Quot.sound]
'MI32.ParityWalshCompression.annihilationApply_L2_le' depends on axioms: [propext, Classical.choice, Quot.sound]
'MI32.ParityWalshCompression.annihilationApply_eq_grade_compression' depends on axioms: [propext,
 Classical.choice,
 Quot.sound]
'MI32.ParityWalshCompression.annihilationApply_eq_inputSectorMask' depends on axioms: [propext,
 Classical.choice,
 Quot.sound]
'MI32.ParityWalshCompression.annihilationApply_eq_sector_grade_compression' depends on axioms: [propext,
 Classical.choice,
 Quot.sound]
'MI32.ParityWalshCompression.coefficient_eq_creation_add_annihilation' depends on axioms: [propext,
 Classical.choice,
 Quot.sound]
'MI32.ParityWalshCompression.coefficient_finiteMatrixApply' depends on axioms: [propext, Classical.choice, Quot.sound]
'MI32.ParityWalshCompression.coefficient_matrixApply' depends on axioms: [propext, Classical.choice, Quot.sound]
'MI32.ParityWalshCompression.creationApply_L2_le' depends on axioms: [propext, Classical.choice, Quot.sound]
'MI32.ParityWalshCompression.creationApply_eq_grade_compression' depends on axioms: [propext,
 Classical.choice,
 Quot.sound]
'MI32.ParityWalshCompression.creationApply_eq_inputSectorMask' depends on axioms: [propext,
 Classical.choice,
 Quot.sound]
'MI32.ParityWalshCompression.creationApply_eq_sector_grade_compression' depends on axioms: [propext,
 Classical.choice,
 Quot.sound]
'MI32.ParityWalshCompression.finiteMatrixApply_eq_matrixApply' depends on axioms: [propext,
 Classical.choice,
 Quot.sound]
'MI32.ParityWalshCompression.finiteMatrixApply_eq_polynomial_coeff' depends on axioms: [propext,
 Classical.choice,
 Quot.sound]
'MI32.ParityWalshCompression.finiteMatrixApply_parseval' depends on axioms: [propext, Classical.choice, Quot.sound]
'MI32.ParityWalshCompression.inputMask_L2_contraction' depends on axioms: [propext, Classical.choice, Quot.sound]
'MI32.ParityWalshCompression.inputPolynomial_parseval' depends on axioms: [propext, Classical.choice, Quot.sound]
'MI32.ParityWalshCompression.outputMask_L2_contraction' depends on axioms: [propext, Classical.choice, Quot.sound]
'MI32.PolynomialSectorEnergy.conditional_disjoint_mask_inner_eq_zero' depends on axioms: [propext,
 Classical.choice,
 Quot.sound]
'MI32.PolynomialSectorEnergy.integrable_conditionalEnergy' depends on axioms: [propext, Classical.choice, Quot.sound]
'MI32.PolynomialSectorEnergy.integrable_original_norm_sq' depends on axioms: [propext, Classical.choice, Quot.sound]
'MI32.PolynomialSectorEnergy.integrable_polynomial_inner' depends on axioms: [propext, Classical.choice, Quot.sound]
'MI32.PolynomialSectorEnergy.integral_disjoint_mask_inner_eq_zero' depends on axioms: [propext,
 Classical.choice,
 Quot.sound]
'MI32.PolynomialSectorEnergy.integral_norm_sq_eq_conditionalEnergy' depends on axioms: [propext,
 Classical.choice,
 Quot.sound]
'MI32.PolynomialSectorEnergy.masked_second_energy_le' depends on axioms: [propext, Classical.choice, Quot.sound]
'MI32.PolynomialSectorEnergy.sum_sector_second_energies' depends on axioms: [propext, Classical.choice, Quot.sound]
'MI32.PolynomialSectorMasks.conditionalEnergy_mask_le' depends on axioms: [propext, Classical.choice, Quot.sound]
'MI32.PolynomialSectorMasks.maskCoeff_comp' depends on axioms: [propext, Classical.choice, Quot.sound]
'MI32.PolynomialSectorMasks.maskCoeff_nonneg' depends on axioms: [propext, Classical.choice, Quot.sound]
'MI32.PolynomialSectorMasks.sectionCoeff_mask' depends on axioms: [propext, Classical.choice, Quot.sound]
'MI32.PolynomialSectorMasks.sum_conditionalEnergy_sectors' depends on axioms: [propext, Classical.choice, Quot.sound]
'MI32.PositiveWordExtension.degree_extendExponent' depends on axioms: [propext, Classical.choice, Quot.sound]
'MI32.PositiveWordExtension.evaluate_extend' depends on axioms: [propext, Classical.choice, Quot.sound]
'MI32.PositiveWordExtension.evaluate_linearExtend' depends on axioms: [propext, Classical.choice, Quot.sound]
'MI32.PositiveWordExtension.evaluate_masked_extend' depends on axioms: [propext, Classical.choice, Quot.sound]
'MI32.PositiveWordExtension.masked_extension_comp' depends on axioms: [propext, Classical.choice, Quot.sound]
'MI32.PositiveWordExtension.masked_extension_positive_degree' depends on axioms: [propext, Classical.choice, Quot.sound]
'MI32.PositiveWordExtension.masked_linearExtension_positive_degree' depends on axioms: [propext,
 Classical.choice,
 Quot.sound]
'MI32.PositiveWordExtension.parity_extendExponent' depends on axioms: [propext, Classical.choice, Quot.sound]
'MI32.RawCountBlocks.annihilation_count_block' depends on axioms: [propext, Classical.choice, Quot.sound]
'MI32.RawCountBlocks.annihilation_full_block' depends on axioms: [propext, Classical.choice, Quot.sound]
'MI32.RawCountBlocks.annihilation_grade_compression' depends on axioms: [propext, Classical.choice, Quot.sound]
'MI32.RawCountBlocks.annihilation_output_mask_invariant' depends on axioms: [propext, Classical.choice, Quot.sound]
'MI32.RawCountBlocks.creation_count_block' depends on axioms: [propext, Classical.choice, Quot.sound]
'MI32.RawCountBlocks.creation_full_block' depends on axioms: [propext, Classical.choice, Quot.sound]
'MI32.RawCountBlocks.creation_grade_compression' depends on axioms: [propext, Classical.choice, Quot.sound]
'MI32.RawCountBlocks.creation_output_mask_invariant' depends on axioms: [propext, Classical.choice, Quot.sound]
'MI32.RawDirectionalActions.annihilationCoeff_nonneg' depends on axioms: [propext, Classical.choice, Quot.sound]
'MI32.RawDirectionalActions.annihilation_section_eq' depends on axioms: [propext, Classical.choice, Quot.sound]
'MI32.RawDirectionalActions.coefficient_annihilation' depends on axioms: [propext, Classical.choice, Quot.sound]
'MI32.RawDirectionalActions.coefficient_creation' depends on axioms: [propext, Classical.choice, Quot.sound]
'MI32.RawDirectionalActions.creationCoeff_nonneg' depends on axioms: [propext, Classical.choice, Quot.sound]
'MI32.RawDirectionalActions.creation_section_eq' depends on axioms: [propext, Classical.choice, Quot.sound]
'MI32.RawDirectionalActions.degree_actionExponent' depends on axioms: [propext, Classical.choice, Quot.sound]
'MI32.RawDirectionalActions.degree_actionExponent_le' depends on axioms: [propext, Classical.choice, Quot.sound]
'MI32.RawDirectionalActions.evaluate_annihilation_signed' depends on axioms: [propext, Classical.choice, Quot.sound]
'MI32.RawDirectionalActions.evaluate_creation_signed' depends on axioms: [propext, Classical.choice, Quot.sound]
'MI32.RawDirectionalActions.evaluate_product_split' depends on axioms: [propext, Classical.choice, Quot.sound]
'MI32.RawDirectionalActions.parity_actionExponent' depends on axioms: [propext, Classical.choice, Quot.sound]
'MI32.RawSectorNorms.annihilationCoeff_eq_zero_outside_support' depends on axioms: [propext,
 Classical.choice,
 Quot.sound]
'MI32.RawSectorNorms.annihilation_sectorAction_eq_restrict' depends on axioms: [propext, Classical.choice, Quot.sound]
'MI32.RawSectorNorms.creation_sectorAction_eq' depends on axioms: [propext, Classical.choice, Quot.sound]
'MI32.RawSectorNorms.norm_raw_annihilation_eq_sectorAction' depends on axioms: [propext, Classical.choice, Quot.sound]
'MI32.RawSectorNorms.zeroExtend_annihilation_sectorAction' depends on axioms: [propext, Classical.choice, Quot.sound]
'MI32.RestrictedThinMatrix.cols_moment_four_mul_le' depends on axioms: [propext, Classical.choice, Quot.sound]
'MI32.RestrictedThinMatrix.independent_restrict_rows' depends on axioms: [propext, Classical.choice, Quot.sound]
'MI32.RestrictedThinMatrix.independent_transposed_cols' depends on axioms: [propext, Classical.choice, Quot.sound]
'MI32.RestrictedThinMatrix.rows_moment_four_mul_le' depends on axioms: [propext, Classical.choice, Quot.sound]
'MI32.SupportedPolynomialInteraction.action_l2_le' depends on axioms: [propext, Classical.choice, Quot.sound]
'MI32.SupportedPolynomialInteraction.action_restrict_rows' depends on axioms: [propext, Classical.choice, Quot.sound]
'MI32.SupportedPolynomialInteraction.norm_evaluateHilbert_restrict' depends on axioms: [propext,
 Classical.choice,
 Quot.sound]
'MI32.SupportedPolynomialInteraction.zeroExtend_evaluateHilbert' depends on axioms: [propext,
 Classical.choice,
 Quot.sound]
'MI32.ThinMatrix.matrixRowImage_moment_four_mul_le' depends on axioms: [propext, Classical.choice, Quot.sound]
'MI32.ThinMatrix.transposeOperator_moment_four_mul_le' depends on axioms: [propext, Classical.choice, Quot.sound]
'MI32.ThinPolynomialInteraction.action_l2_le' depends on axioms: [propext, Classical.choice, Quot.sound]
'MI32.ThinPolynomialInteraction.same_entries_action_l2_le' depends on axioms: [propext, Classical.choice, Quot.sound]
'MI32.ThinTranspose.norm_transposeOperator_transpose' depends on axioms: [propext, Classical.choice, Quot.sound]
'MI32.ThinTranspose.output_cols_moment_four_mul_le' depends on axioms: [propext, Classical.choice, Quot.sound]
'MI32.ThinTranspose.transposeOperator_transpose_eq_adjoint' depends on axioms: [propext, Classical.choice, Quot.sound]
'MI32.PolynomialEnergyAssembly.commonLabelCover_card_le' depends on axioms: [propext, Classical.choice, Quot.sound]
'MI32.PolynomialEnergyAssembly.mem_commonLabelCover_in' depends on axioms: [propext, Classical.choice, Quot.sound]
'MI32.PolynomialEnergyAssembly.mem_commonLabelCover_out' depends on axioms: [propext, Classical.choice, Quot.sound]
'MI32.PolynomialEnergyAssembly.second_energy_le' depends on axioms: [propext, Classical.choice, Quot.sound]
'MI32.PolynomialEnergyAssembly.second_moment_le' depends on axioms: [propext, Classical.choice, Quot.sound]
'MI32.PolynomialEnergyAssembly.second_moment_le_of_all_sectors' depends on axioms: [propext,
 Classical.choice,
 Quot.sound]
'MI32.BipartiteConeContraction.action_apply_inl' depends on axioms: [propext, Classical.choice, Quot.sound]
'MI32.BipartiteConeContraction.action_apply_inr' depends on axioms: [propext, Classical.choice, Quot.sound]
'MI32.BipartiteConeContraction.action_eq_matrix_mulVec' depends on axioms: [propext, Classical.choice, Quot.sound]
'MI32.BipartiteConeContraction.action_inl_eq' depends on axioms: [propext, Classical.choice, Quot.sound]
'MI32.BipartiteConeContraction.action_inr_eq' depends on axioms: [propext, Classical.choice, Quot.sound]
'MI32.BipartiteConeContraction.action_l2_le' depends on axioms: [propext, Classical.choice, Quot.sound]
'MI32.BipartiteConeContraction.action_norm_sq_eq' depends on axioms: [propext, Classical.choice, Quot.sound]
'MI32.BipartiteConeContraction.action_vacuum_eq' depends on axioms: [propext, Classical.choice, Quot.sound]
'MI32.BipartiteConeContraction.polynomial_norm_sq_eq' depends on axioms: [propext, Classical.choice, Quot.sound]
'MI32.BipartiteNorm.bipartite_isSelfAdjoint' depends on axioms: [propext, Classical.choice, Quot.sound]
'MI32.BipartiteNorm.measurable_bipartite_norm' depends on axioms: [propext, Classical.choice, Quot.sound]
'MI32.BipartiteNorm.measurable_rectangular_norm' depends on axioms: [propext, Classical.choice, Quot.sound]
'MI32.BipartiteNorm.rectangular_norm_le_bipartite' depends on axioms: [propext, Classical.choice, Quot.sound]
'MI32.BipartiteVacuumIteration.vacuum_energies' depends on axioms: [propext, Classical.choice, Quot.sound]
'MI32.BipartiteVacuumIteration.vacuum_eq_matrix_power' depends on axioms: [propext, Classical.choice, Quot.sound]
'MI32.BipartiteVacuumIteration.vacuum_l2_le' depends on axioms: [propext, Classical.choice, Quot.sound]
'MI32.BipartiteVacuumIteration.vacuum_succ' depends on axioms: [propext, Classical.choice, Quot.sound]
'MI32.BipartiteVacuumIteration.vacuum_zero' depends on axioms: [propext, Classical.choice, Quot.sound]
'MI32.LocalSymmetricMoment.moment_rectangular_le_bipartite' depends on axioms: [propext, Classical.choice, Quot.sound]
'MI32.LocalSymmetricMoment.operator_moment_le' depends on axioms: [propext, Classical.choice, Quot.sound]
'MI32.PositiveVacuumWords.bipartiteWeight_nonneg' depends on axioms: [propext, Classical.choice, Quot.sound]
'MI32.PositiveVacuumWords.bipartite_matrix_inl_inl' depends on axioms: [propext, Classical.choice, Quot.sound]
'MI32.PositiveVacuumWords.bipartite_matrix_inl_inr' depends on axioms: [propext, Classical.choice, Quot.sound]
'MI32.PositiveVacuumWords.bipartite_matrix_inr_inl' depends on axioms: [propext, Classical.choice, Quot.sound]
'MI32.PositiveVacuumWords.bipartite_matrix_inr_inr' depends on axioms: [propext, Classical.choice, Quot.sound]
'MI32.PositiveVacuumWords.bipartite_matrix_transpose' depends on axioms: [propext, Classical.choice, Quot.sound]
'MI32.PositiveVacuumWords.card_term' depends on axioms: [propext, Classical.choice, Quot.sound]
'MI32.PositiveVacuumWords.coeff_nonneg' depends on axioms: [propext, Classical.choice, Quot.sound]
'MI32.PositiveVacuumWords.coeff_succ' depends on axioms: [propext, Classical.choice, Quot.sound]
'MI32.PositiveVacuumWords.coeff_zero' depends on axioms: [propext, Classical.choice, Quot.sound]
'MI32.PositiveVacuumWords.degree_exponent' depends on axioms: [propext, Classical.choice, Quot.sound]
'MI32.PositiveVacuumWords.evaluateHilbert_eq_pow_mulVec' depends on axioms: [propext, Classical.choice, Quot.sound]
'MI32.PositiveVacuumWords.evaluate_eq_pow_entry' depends on axioms: [propext, Classical.choice, Quot.sound]
'MI32.PositiveVacuumWords.evaluate_eq_pow_mulVec' depends on axioms: [propext, Classical.choice, Quot.sound]
'MI32.PositiveVacuumWords.evaluate_succ' depends on axioms: [propext, Classical.choice, Quot.sound]
'MI32.PositiveVacuumWords.evaluate_zero' depends on axioms: [propext, Classical.choice, Quot.sound]
'MI32.PositiveVacuumWords.exponent_succ' depends on axioms: [propext]
'MI32.PositiveVacuumWords.exponent_zero' depends on axioms: [propext]
'MI32.RawAnnihilatorContraction.annihilator_l2_le' depends on axioms: [propext, Classical.choice, Quot.sound]
'MI32.RawAnnihilatorContraction.input_mask_eq_zero_of_degree_lt' depends on axioms: [propext,
 Classical.choice,
 Quot.sound]
'MI32.RawCreatorContraction.creator_l2_le' depends on axioms: [propext, Classical.choice, Quot.sound]
'MI32.RawMultiplicationContraction.action_eq_creation_add_annihilation' depends on axioms: [propext,
 Classical.choice,
 Quot.sound]
'MI32.RawMultiplicationContraction.action_l2_le' depends on axioms: [propext, Classical.choice, Quot.sound]
'MI32.RawMultiplicationContraction.vector_sum_l2_le' depends on axioms: [propext, Classical.choice, Quot.sound]
'MI32.TransposedPolynomialContraction.action_l2_le' depends on axioms: [propext, Classical.choice, Quot.sound]
'MI32.VacuumNormBound.action_norm_le_sqrt_basis_energy' depends on axioms: [propext, Classical.choice, Quot.sound]
'MI32.VacuumNormBound.integral_norm_even_pow_le_vacuum_sum' depends on axioms: [propext, Classical.choice, Quot.sound]
'MI32.VacuumNormBound.norm_even_pow_le_vacuum_sum' depends on axioms: [propext, Classical.choice, Quot.sound]
'MI32.VacuumNormBound.norm_moment_le_of_vacuum_energies' depends on axioms: [propext, Classical.choice, Quot.sound]
'MI32.VacuumNormBound.norm_pow_of_selfAdjoint' depends on axioms: [propext, Classical.choice, Quot.sound]
'MI32.VacuumNormBound.opNorm_sq_le_basis_energy' depends on axioms: [propext, Classical.choice, Quot.sound]
'MI32.VacuumNormBound.sum_vacuum_norm_sq_eq_trace' depends on axioms: [propext, Classical.choice, Quot.sound]
'MI32.BipartiteWeakMoment.bilinear_moment_le_norms' depends on axioms: [propext, Classical.choice, Quot.sound]
'MI32.BipartiteWeakMoment.bilinear_smul' depends on axioms: [propext, Classical.choice, Quot.sound]
'MI32.BipartiteWeakMoment.cross_norm_parts_le' depends on axioms: [propext, Classical.choice, Quot.sound]
'MI32.BipartiteWeakMoment.lift_bilinear_eq' depends on axioms: [propext, Classical.choice, Quot.sound]
'MI32.BipartiteWeakMoment.lift_bilinear_left_right' depends on axioms: [propext, Classical.choice, Quot.sound]
'MI32.BipartiteWeakMoment.lift_unit_test_moment_le' depends on axioms: [propext, Classical.choice, Quot.sound]
'MI32.BipartiteWeakMoment.memLp_bilinear' depends on axioms: [propext, Classical.choice, Quot.sound]
'MI32.BipartiteWeakMoment.norm_sq_parts' depends on axioms: [propext, Classical.choice, Quot.sound]
'MI32.BlockDiagonalMoment.integrable_and_mean_norm_le' depends on axioms: [propext, Classical.choice, Quot.sound]
'MI32.BlockDiagonalMoment.measurable_blockDiagonal_norm' depends on axioms: [propext, Classical.choice, Quot.sound]
'MI32.BlockDiagonalNorm.norm_blockDiagonal_le' depends on axioms: [propext, Classical.choice, Quot.sound]
'MI32.BlockDiagonalNorm.norm_blockDiagonal_le_max' depends on axioms: [propext, Classical.choice, Quot.sound]
'MI32.BlockDiagonalNorm.norm_sq_eq_sum_sections' depends on axioms: [propext, Classical.choice, Quot.sound]
'MI32.BlockDiagonalNorm.section_matrixOperator_blockDiagonal' depends on axioms: [propext, Classical.choice, Quot.sound]
'MI32.BlockMomentMaximum.geometric_weights_le_one' depends on axioms: [propext, Classical.choice, Quot.sound]
'MI32.BlockMomentMaximum.mean_max_le' depends on axioms: [propext, Classical.choice, Quot.sound]
'MI32.BlockMomentMaximum.scalar_le_threshold_add_power' depends on axioms: [propext, Classical.choice, Quot.sound]
'MI32.BlockMomentMaximum.tail_term_eq' depends on axioms: [propext, Classical.choice, Quot.sound]
'MI32.CopyDeletionScale.budget_minimum_copy_le' depends on axioms: [propext, Classical.choice, Quot.sound]
'MI32.CopyDeletionScale.deletedBilinear_copy_eq' depends on axioms: [propext, Classical.choice, Quot.sound]
'MI32.CopyDeletionScale.deletionScale_copy_le' depends on axioms: [propext, Classical.choice, Quot.sound]
'MI32.CopyDeletionScale.exists_same_set_budget_comparison' depends on axioms: [propext, Classical.choice, Quot.sound]
'MI32.CopyDeletionScale.test_moment_copy_le_exp' depends on axioms: [propext, Classical.choice, Quot.sound]
'MI32.CopyDeletionScale.weakMoment_copy_le' depends on axioms: [propext, Classical.choice, Quot.sound]
'MI32.DeletionMomentEndpoints.centered_moment_le_copy' depends on axioms: [propext, Classical.choice, Quot.sound]
'MI32.DeletionMomentEndpoints.copy_integral_le_two_of_le_one' depends on axioms: [propext, Classical.choice, Quot.sound]
'MI32.DeletionMomentEndpoints.copy_moment_le_exp' depends on axioms: [propext, Classical.choice, Quot.sound]
'MI32.DeletionMomentEndpoints.copy_moment_le_two' depends on axioms: [propext, Classical.choice, Quot.sound]
'MI32.DeletionMomentEndpoints.copy_moment_le_two_rpow_of_le_one' depends on axioms: [propext,
 Classical.choice,
 Quot.sound]
'MI32.DeletionMomentEndpoints.integrable_copy_abs_rpow' depends on axioms: [propext, Classical.choice, Quot.sound]
'MI32.DeletionMomentEndpoints.mean_zero_moment_le_copy' depends on axioms: [propext, Classical.choice, Quot.sound]
'MI32.DeletionMomentEndpoints.moment_copy_fst' depends on axioms: [propext, Classical.choice, Quot.sound]
'MI32.DeletionMomentEndpoints.moment_copy_snd' depends on axioms: [propext, Classical.choice, Quot.sound]
'MI32.DeletionVarianceSelection.card_largeRows_le' depends on axioms: [propext, Classical.choice, Quot.sound]
'MI32.DeletionVarianceSelection.card_selection_le' depends on axioms: [propext, Classical.choice, Quot.sound]
'MI32.DeletionVarianceSelection.exists_selection' depends on axioms: [propext, Classical.choice, Quot.sound]
'MI32.DeletionVarianceSelection.exists_variance_selection' depends on axioms: [propext, Classical.choice, Quot.sound]
'MI32.DeletionVarianceSelection.largeRows_subset_selection' depends on axioms: [propext, Classical.choice, Quot.sound]
'MI32.DeletionVarianceSelection.mem_largeRows' depends on axioms: [propext, Classical.choice, Quot.sound]
'MI32.DeletionVarianceSelection.selection_mono' depends on axioms: [propext, Classical.choice, Quot.sound]
'MI32.DeletionVarianceSelection.selection_zero' depends on axioms: [propext, Classical.choice, Quot.sound]
'MI32.DeletionVarianceSelection.selection_zero_budget' depends on axioms: [propext, Classical.choice, Quot.sound]
'MI32.DeletionVarianceSelection.subset_selection' depends on axioms: [propext, Classical.choice, Quot.sound]
'MI32.DeletionVarianceSelection.surviving_entry_le' depends on axioms: [propext, Classical.choice, Quot.sound]
'MI32.DeletionVarianceSelection.surviving_entry_le_div' depends on axioms: [propext, Classical.choice, Quot.sound]
'MI32.GeneralLawCopy.entry_symmetric' depends on axioms: [propext, Classical.choice, Quot.sound]
'MI32.GeneralLawCopy.integrable_entry' depends on axioms: [propext, Classical.choice, Quot.sound]
'MI32.GeneralLawCopy.integral_copy_entry_sq' depends on axioms: [propext, Classical.choice, Quot.sound]
'MI32.GeneralLawCopy.matrixCopy_apply' depends on axioms: [propext, Classical.choice, Quot.sound]
'MI32.GeneralLawCopy.regular_entries' depends on axioms: [propext, Classical.choice, Quot.sound]
'MI32.GeneralLawCopy.spectral_mean_le_copy' depends on axioms: [propext, Classical.choice, Quot.sound]
'MI32.LocalLogMoment.bilinear_eq_deletedBilinear_empty' depends on axioms: [propext, Classical.choice, Quot.sound]
'MI32.LocalLogMoment.bilinear_moment_le_eight' depends on axioms: [propext, Classical.choice, Quot.sound]
'MI32.LocalLogMoment.dimension_factor_le_exp' depends on axioms: [propext, Classical.choice, Quot.sound]
'MI32.LocalLogMoment.half_le_log_dimension' depends on axioms: [propext, Classical.choice, Quot.sound]
'MI32.LocalLogMoment.integrable_and_mean_le_even_moment' depends on axioms: [propext, Classical.choice, Quot.sound]
'MI32.LocalLogMoment.linearForm_eq_bilinear' depends on axioms: [propext, Classical.choice, Quot.sound]
'MI32.LocalLogMoment.log_two_le_log_dimension' depends on axioms: [propext, Classical.choice, Quot.sound]
'MI32.LocalLogMoment.meanConstant_nonneg' depends on axioms: [propext, Classical.choice, Quot.sound]
'MI32.LocalLogMoment.mean_spectralNorm_le' depends on axioms: [propext, Classical.choice, Quot.sound]
'MI32.LocalLogMoment.mean_spectralNorm_le_literal' depends on axioms: [propext, Classical.choice, Quot.sound]
'MI32.LocalLogMoment.one_le_momentOrder' depends on axioms: [propext, Classical.choice, Quot.sound]
'MI32.LocalLogMoment.twice_momentOrder_le_eight_log' depends on axioms: [propext, Classical.choice, Quot.sound]
'MI32.MatrixCopySymmetrization.independent_differences' depends on axioms: [propext, Classical.choice, Quot.sound]
'MI32.MatrixCopySymmetrization.integrable_difference_abs_rpow' depends on axioms: [propext,
 Classical.choice,
 Quot.sound]
'MI32.MatrixCopySymmetrization.integrable_operator' depends on axioms: [propext, Classical.choice, Quot.sound]
'MI32.MatrixCopySymmetrization.integral_difference' depends on axioms: [propext, Classical.choice, Quot.sound]
'MI32.MatrixCopySymmetrization.integral_difference_sq' depends on axioms: [propext, Classical.choice, Quot.sound]
'MI32.MatrixCopySymmetrization.integral_norm_le_copy' depends on axioms: [propext, Classical.choice, Quot.sound]
'MI32.MatrixCopySymmetrization.integral_operator_zero' depends on axioms: [propext, Classical.choice, Quot.sound]
'MI32.MatrixCopySymmetrization.measurable_difference' depends on axioms: [propext, Classical.choice, Quot.sound]
'MI32.MatrixCopySymmetrization.norm_operatorMap' depends on axioms: [propext, Classical.choice, Quot.sound]
'MI32.MatrixCopySymmetrization.spectral_mean_le_copy' depends on axioms: [propext, Classical.choice, Quot.sound]
'MI32.MatrixCopySymmetrization.symmetric_difference' depends on axioms: [propext, Classical.choice, Quot.sound]
'MI32.SymmetricLinearAllOrders.integral_two_pow_seven_le' depends on axioms: [propext, Classical.choice, Quot.sound]
'MI32.SymmetricLinearAllOrders.linear_integrable_and_root_doubling' depends on axioms: [propext,
 Classical.choice,
 Quot.sound]
'MI32.SymmetricLinearAllOrders.linear_root_doubling' depends on axioms: [propext, Classical.choice, Quot.sound]
'MI32.SymmetricLinearAllOrders.moment_two_le_half' depends on axioms: [propext, Classical.choice, Quot.sound]
'MI32.SymmetricLinearAllOrders.one_le_doublingConstant' depends on axioms: [propext, Classical.choice, Quot.sound]
'MI32.SymmetricLinearAllOrders.real_doubling_of_even_doubling' depends on axioms: [propext,
 Classical.choice,
 Quot.sound]
'MI32.SymmetrizationReduction.deletionScale_copy' depends on axioms: [propext, Classical.choice, Quot.sound]
'MI32.SymmetrizationReduction.upperBoundAt_of_symmetric' depends on axioms: [propext, Classical.choice, Quot.sound]
'MI32.SymmetrizationReduction.varianceScale_copy' depends on axioms: [propext, Classical.choice, Quot.sound]
'MI32.VarianceScaleBasics.colStd_le_varianceScale' depends on axioms: [propext, Classical.choice, Quot.sound]
'MI32.VarianceScaleBasics.col_variance_le_sq' depends on axioms: [propext, Classical.choice, Quot.sound]
'MI32.VarianceScaleBasics.finite_sup_mul' depends on axioms: [propext, Classical.choice, Quot.sound]
'MI32.VarianceScaleBasics.finite_sup_nonneg' depends on axioms: [propext, Classical.choice, Quot.sound]
'MI32.VarianceScaleBasics.rowStd_le_varianceScale' depends on axioms: [propext, Classical.choice, Quot.sound]
'MI32.VarianceScaleBasics.row_variance_le_sq' depends on axioms: [propext, Classical.choice, Quot.sound]
'MI32.VarianceScaleBasics.varianceScale_eq' depends on axioms: [propext, Classical.choice, Quot.sound]
'MI32.VarianceScaleBasics.varianceScale_nonneg' depends on axioms: [propext, Classical.choice, Quot.sound]
'MI32.VarianceScaleBasics.varianceScale_of_entry_second_moments' depends on axioms: [propext,
 Classical.choice,
 Quot.sound]
'MI32.WeakMomentBasics.abs_deletedBilinear_le_entryAbsSum' depends on axioms: [propext, Classical.choice, Quot.sound]
'MI32.WeakMomentBasics.budget_minimum_nonneg' depends on axioms: [propext, Classical.choice, Quot.sound]
'MI32.WeakMomentBasics.budget_value_set_finite' depends on axioms: [propext, Classical.choice, Quot.sound]
'MI32.WeakMomentBasics.deletionScale_nonneg' depends on axioms: [propext, Classical.choice, Quot.sound]
'MI32.WeakMomentBasics.deletion_value_set_finite' depends on axioms: [propext, Classical.choice, Quot.sound]
'MI32.WeakMomentBasics.exists_deletion_minimizer_le_scale' depends on axioms: [propext, Classical.choice, Quot.sound]
'MI32.WeakMomentBasics.exists_minimizing_set' depends on axioms: [propext, Classical.choice, Quot.sound]
'MI32.WeakMomentBasics.integrable_deletedBilinear_abs_rpow' depends on axioms: [propext, Classical.choice, Quot.sound]
'MI32.WeakMomentBasics.memLp_entryAbsSum' depends on axioms: [propext, Classical.choice, Quot.sound]
'MI32.WeakMomentBasics.minimum_le_deletionScale' depends on axioms: [propext, Classical.choice, Quot.sound]
'MI32.WeakMomentBasics.moment_deletedBilinear_le_entryAbsSum' depends on axioms: [propext, Classical.choice, Quot.sound]
'MI32.WeakMomentBasics.moment_le_weakMoment' depends on axioms: [propext, Classical.choice, Quot.sound]
'MI32.WeakMomentBasics.weakMoment_full_deletion_eq_zero' depends on axioms: [propext, Classical.choice, Quot.sound]
'MI32.WeakMomentBasics.weakMoment_le_entryAbsSum' depends on axioms: [propext, Classical.choice, Quot.sound]
'MI32.WeakMomentBasics.weakMoment_nonneg' depends on axioms: [propext, Classical.choice, Quot.sound]
'MI32.WeakMomentBasics.weak_test_set_bddAbove' depends on axioms: [propext, Classical.choice, Quot.sound]
'MI32.BilinearHighOrder.bilinear_moment_doubling' depends on axioms: [propext, Classical.choice, Quot.sound]
'MI32.BilinearHighOrder.bilinear_moment_doubling_pow' depends on axioms: [propext, Classical.choice, Quot.sound]
'MI32.BilinearHighOrder.bilinear_moment_le_pow' depends on axioms: [propext, Classical.choice, Quot.sound]
'MI32.BlockMaskMoment.integrable_of_integrable_pow' depends on axioms: [propext, Classical.choice, Quot.sound]
'MI32.BlockMaskMoment.mean_norm_le_of_block_moments' depends on axioms: [propext, Classical.choice, Quot.sound]
'MI32.BlockMaskMoment.measurable_blockSub_norm' depends on axioms: [propext, Classical.choice, Quot.sound]
'MI32.BlockMaskMoment.measurable_norm' depends on axioms: [propext, Classical.choice, Quot.sound]
'MI32.BlockOrderArithmetic.blockOrder_lt' depends on axioms: [propext, Classical.choice, Quot.sound]
'MI32.BlockOrderArithmetic.dimension_factor_le_exp' depends on axioms: [propext, Classical.choice, Quot.sound]
'MI32.BlockOrderArithmetic.half_lt_log_two' depends on axioms: [propext, Classical.choice, Quot.sound]
'MI32.BlockOrderArithmetic.index_add_two_le_pow' depends on axioms: [propext, Classical.choice, Quot.sound]
'MI32.BlockOrderArithmetic.index_add_two_le_two_blockOrder' depends on axioms: [propext, Classical.choice, Quot.sound]
'MI32.BlockOrderArithmetic.log_two_lt_one' depends on axioms: [propext, Classical.choice, Quot.sound]
'MI32.BlockOrderArithmetic.one_le_blockOrder' depends on axioms: [propext, Classical.choice, Quot.sound]
'MI32.BlockOrderArithmetic.pow_succ_le_pow_sub_two' depends on axioms: [propext, Classical.choice, Quot.sound]
'MI32.BlockOrderArithmetic.two_blockOrder_le' depends on axioms: [propext, Classical.choice, Quot.sound]
'MI32.BlockOrderArithmetic.two_order_le_blockOrder' depends on axioms: [propext, Classical.choice, Quot.sound]
'MI32.CenteredGramNorm.entryEnergy_nonneg' depends on axioms: [propext, Classical.choice, Quot.sound]
'MI32.CenteredGramNorm.gram_mean_le' depends on axioms: [propext, Classical.choice, Quot.sound]
'MI32.CenteredGramNorm.mean_le_of_second_moment' depends on axioms: [propext, Classical.choice, Quot.sound]
'MI32.CenteredGramNorm.mean_norm_le' depends on axioms: [propext, Classical.choice, Quot.sound]
'MI32.CenteredGramNorm.norm_diagonal_le' depends on axioms: [propext, Classical.choice, Quot.sound]
'MI32.CenteredGramNorm.norm_sq_le_diagonal_add_centeredGram' depends on axioms: [propext, Classical.choice, Quot.sound]
'MI32.CenteredGramNorm.norm_sq_le_entryEnergy' depends on axioms: [propext, Classical.choice, Quot.sound]
'MI32.DeletionMasks.blockSub_nearCross_eq' depends on axioms: [propext, Classical.choice, Quot.sound]
'MI32.DeletionMasks.blockSub_nearCross_zero' depends on axioms: [propext, Classical.choice, Quot.sound]
'MI32.DeletionMasks.blockSub_nearHigh_eq' depends on axioms: [propext, Classical.choice, Quot.sound]
'MI32.DeletionMasks.blockSub_nearHigh_zero' depends on axioms: [propext, Classical.choice, Quot.sound]
'MI32.DeletionMasks.cEven_eq_iff' depends on axioms: [propext, Classical.choice, Quot.sound]
'MI32.DeletionMasks.cEven_eq_zero_iff' depends on axioms: [propext, Classical.choice, Quot.sound]
'MI32.DeletionMasks.cEven_fiber_label' depends on axioms: [propext, Classical.choice, Quot.sound]
'MI32.DeletionMasks.cOdd_eq_iff' depends on axioms: [propext, Classical.choice, Quot.sound]
'MI32.DeletionMasks.cOdd_eq_zero_iff' depends on axioms: [propext, Classical.choice, Quot.sound]
'MI32.DeletionMasks.cOdd_fiber_label' depends on axioms: [propext, Classical.choice, Quot.sound]
'MI32.DeletionMasks.entry_sum' depends on axioms: [propext, Classical.choice, Quot.sound]
'MI32.DeletionMasks.farLow_eq_masked' depends on axioms: [propext, Classical.choice, Quot.sound]
'MI32.DeletionMasks.farUp_eq_masked_transpose' depends on axioms: [propext, Classical.choice, Quot.sound]
'MI32.DeletionMasks.label_le_iff' depends on axioms: [propext, Classical.choice, Quot.sound]
'MI32.DeletionMasks.label_lt' depends on axioms: [propext, Classical.choice, Quot.sound]
'MI32.DeletionMasks.matrix_sum' depends on axioms: [propext, Classical.choice, Quot.sound]
'MI32.DeletionMasks.nearCross_fiber_supported' depends on axioms: [propext, Classical.choice, Quot.sound]
'MI32.DeletionMasks.nearEven_split' depends on axioms: [propext, Classical.choice, Quot.sound]
'MI32.DeletionMasks.nearHigh_fiber_supported' depends on axioms: [propext, Classical.choice, Quot.sound]
'MI32.DeletionMasks.nearLow_support' depends on axioms: [propext, Classical.choice, Quot.sound]
'MI32.DeletionMasks.norm_blockSub_nearCross_le' depends on axioms: [propext, Classical.choice, Quot.sound]
'MI32.DeletionMasks.norm_le_masks' depends on axioms: [propext, Classical.choice, Quot.sound]
'MI32.DeletionMasks.val_cEven' depends on axioms: [propext, Classical.choice, Quot.sound]
'MI32.DeletionMasks.val_cOdd' depends on axioms: [propext, Classical.choice, Quot.sound]
'MI32.DeletionScheduleArithmetic.budget_add_one' depends on axioms: [propext, Classical.choice, Quot.sound]
'MI32.DeletionScheduleArithmetic.budget_ge_two_pow' depends on axioms: [propext, Classical.choice, Quot.sound]
'MI32.DeletionScheduleArithmetic.budget_pos' depends on axioms: [propext, Classical.choice, Quot.sound]
'MI32.DeletionScheduleArithmetic.budget_strictMono' depends on axioms: [propext, Classical.choice, Quot.sound]
'MI32.DeletionScheduleArithmetic.budget_succ' depends on axioms: [propext, Classical.choice, Quot.sound]
'MI32.DeletionScheduleArithmetic.budget_zero' depends on axioms: [propext]
'MI32.DeletionScheduleArithmetic.finite_terminal_bound' depends on axioms: [propext, Classical.choice, Quot.sound]
'MI32.DeletionScheduleArithmetic.log_two_le_order' depends on axioms: [propext, Classical.choice, Quot.sound]
'MI32.DeletionScheduleArithmetic.order_add' depends on axioms: [propext, Classical.choice, Quot.sound]
'MI32.DeletionScheduleArithmetic.order_eq' depends on axioms: [propext, Classical.choice, Quot.sound]
'MI32.DeletionScheduleArithmetic.order_pos' depends on axioms: [propext, Classical.choice, Quot.sound]
'MI32.DeletionScheduleArithmetic.order_succ' depends on axioms: [propext, Classical.choice, Quot.sound]
'MI32.DeletionScheduleArithmetic.order_zero' depends on axioms: [propext, Classical.choice, Quot.sound]
'MI32.DeletionScheduleArithmetic.size_ge_two' depends on axioms: [propext, Classical.choice, Quot.sound]
'MI32.DeletionScheduleArithmetic.size_pos' depends on axioms: [propext, Classical.choice, Quot.sound]
'MI32.DeletionScheduleArithmetic.size_succ' depends on axioms: [propext]
'MI32.DeletionScheduleArithmetic.step_card_le' depends on axioms: [propext, Classical.choice, Quot.sound]
'MI32.FarMaskMean.card_columnsThrough_le' depends on axioms: [propext, Classical.choice, Quot.sound]
'MI32.FarMaskMean.independent_transposed' depends on axioms: [propext, Classical.choice, Quot.sound]
'MI32.FarMaskMean.mean_farLow_le' depends on axioms: [propext, Classical.choice, Quot.sound]
'MI32.FarMaskMean.mean_farUp_le' depends on axioms: [propext, Classical.choice, Quot.sound]
'MI32.FarRemainderMoment.gram_scale_sq' depends on axioms: [propext, Classical.choice, Quot.sound]
'MI32.FarRemainderMoment.mean_norm_le_of_graded' depends on axioms: [propext, Classical.choice, Quot.sound]
'MI32.FarRemainderMoment.norm_transpose_eq' depends on axioms: [propext, Classical.choice, Quot.sound]
'MI32.FarRemainderMoment.sqrt_scale_eq' depends on axioms: [propext, Classical.choice, Quot.sound]
'MI32.FiberBlockNorm.blockSub_apply' depends on axioms: [propext, Classical.choice, Quot.sound]
'MI32.FiberBlockNorm.fiberSection_matrixOperator' depends on axioms: [propext, Classical.choice, Quot.sound]
'MI32.FiberBlockNorm.fiber_supported_of_mask' depends on axioms: [propext, Classical.choice, Quot.sound]
'MI32.FiberBlockNorm.norm_le_of_fiber_supported' depends on axioms: [propext, Classical.choice, Quot.sound]
'MI32.FiberBlockNorm.norm_le_pi_blockSub' depends on axioms: [propext, Classical.choice, Quot.sound]
'MI32.FiberBlockNorm.norm_offDiagonal_le' depends on axioms: [propext, Classical.choice, Quot.sound]
'MI32.FiberBlockNorm.norm_sq_eq_sum_fiberSections' depends on axioms: [propext, Classical.choice, Quot.sound]
'MI32.FiberBlockNorm.offDiagonal_entry_eq' depends on axioms: [propext, Classical.choice, Quot.sound]
'MI32.FrobeniusMean.entryEnergy_nonneg' depends on axioms: [propext, Classical.choice, Quot.sound]
'MI32.FrobeniusMean.integrable_and_mean_norm_le' depends on axioms: [propext, Classical.choice, Quot.sound]
'MI32.FrobeniusMean.mean_norm_le_of_row_budget' depends on axioms: [propext, Classical.choice, Quot.sound]
'MI32.FrobeniusMean.norm_image_sq_le' depends on axioms: [propext, Classical.choice, Quot.sound]
'MI32.FrobeniusMean.norm_le_sqrt_entryEnergy' depends on axioms: [propext, Classical.choice, Quot.sound]
'MI32.FrobeniusMean.norm_sq_le_entryEnergy' depends on axioms: [propext, Classical.choice, Quot.sound]
'MI32.GradedVarianceEnergy.budget_ratio_le_reciprocal' depends on axioms: [propext, Classical.choice, Quot.sound]
'MI32.GradedVarianceEnergy.budget_ratio_sum_le_two' depends on axioms: [propext, Classical.choice, Quot.sound]
'MI32.GradedVarianceEnergy.card_columnPairsAt_le' depends on axioms: [propext, Classical.choice, Quot.sound]
'MI32.GradedVarianceEnergy.columnPairsAt_subset' depends on axioms: [propext, Classical.choice, Quot.sound]
'MI32.GradedVarianceEnergy.pair_energy_le' depends on axioms: [propext, Classical.choice, Quot.sound]
'MI32.GradedVarianceEnergy.pair_energy_le_of_label_le' depends on axioms: [propext, Classical.choice, Quot.sound]
'MI32.GradedVarianceEnergy.sum_pair_weights_eq' depends on axioms: [propext, Classical.choice, Quot.sound]
'MI32.GradedVarianceEnergy.total_energy_le' depends on axioms: [propext, Classical.choice, Quot.sound]
'MI32.GradedVarianceEnergy.total_energy_le_two' depends on axioms: [propext, Classical.choice, Quot.sound]
'MI32.GramEntryMoments.centeredGram_apply' depends on axioms: [propext, Classical.choice, Quot.sound]
'MI32.GramEntryMoments.centeredGram_apply_diag' depends on axioms: [propext, Classical.choice, Quot.sound]
'MI32.GramEntryMoments.centeredGram_apply_offdiag' depends on axioms: [propext, Classical.choice, Quot.sound]
'MI32.GramEntryMoments.centeredGram_entry' depends on axioms: [propext, Classical.choice, Quot.sound]
'MI32.GramEntryMoments.entry_memLp' depends on axioms: [propext, Classical.choice, Quot.sound]
'MI32.GramEntryMoments.entry_memLp_four' depends on axioms: [propext, Classical.choice, Quot.sound]
'MI32.GramEntryMoments.entry_memLp_two' depends on axioms: [propext, Classical.choice, Quot.sound]
'MI32.GramEntryMoments.indepFun_centered_sq_rows' depends on axioms: [propext, Classical.choice, Quot.sound]
'MI32.GramEntryMoments.indepFun_prod_rows' depends on axioms: [propext, Classical.choice, Quot.sound]
'MI32.GramEntryMoments.independent_rows' depends on axioms: [propext, Classical.choice, Quot.sound]
'MI32.GramEntryMoments.integrable_centeredGram_sq' depends on axioms: [propext, Classical.choice, Quot.sound]
'MI32.GramEntryMoments.integrable_pow_four' depends on axioms: [propext, Classical.choice, Quot.sound]
'MI32.GramEntryMoments.integrable_sq' depends on axioms: [propext, Classical.choice, Quot.sound]
'MI32.GramEntryMoments.integral_centeredGram_sq_le' depends on axioms: [propext, Classical.choice, Quot.sound]
'MI32.GramEntryMoments.integral_centered_square_sum_sq' depends on axioms: [propext, Classical.choice, Quot.sound]
'MI32.GramEntryMoments.integral_column_product_sq' depends on axioms: [propext, Classical.choice, Quot.sound]
'MI32.GramEntryMoments.integral_prod_eq' depends on axioms: [propext, Classical.choice, Quot.sound]
'MI32.GramEntryMoments.integral_prod_sq_eq' depends on axioms: [propext, Classical.choice, Quot.sound]
'MI32.GramEntryMoments.integral_sub_mean_sq' depends on axioms: [propext, Classical.choice, Quot.sound]
'MI32.GramEntryMoments.memLp_centeredGram_two' depends on axioms: [propext, Classical.choice, Quot.sound]
'MI32.GramEntryMoments.prod_memLp_two' depends on axioms: [propext, Classical.choice, Quot.sound]
'MI32.GramEntryMoments.sq_memLp_two' depends on axioms: [propext, Classical.choice, Quot.sound]
'MI32.GramEntryMoments.total_centeredGram_energy_le' depends on axioms: [propext, Classical.choice, Quot.sound]
'MI32.MaskedEntryLaw.abs_masked_le' depends on axioms: [propext, Classical.choice, Quot.sound]
'MI32.MaskedEntryLaw.independent_masked' depends on axioms: [propext, Classical.choice, Quot.sound]
'MI32.MaskedEntryLaw.integrable_masked_abs_rpow' depends on axioms: [propext, Classical.choice, Quot.sound]
'MI32.MaskedEntryLaw.integral_fourth_le_of_regular' depends on axioms: [propext, Classical.choice, Quot.sound]
'MI32.MaskedEntryLaw.integral_fourth_masked_le' depends on axioms: [propext, Classical.choice, Quot.sound]
'MI32.MaskedEntryLaw.integral_masked_eq_zero' depends on axioms: [propext, Classical.choice, Quot.sound]
'MI32.MaskedEntryLaw.integral_sq_masked_eq_zero_of_not' depends on axioms: [propext, Classical.choice, Quot.sound]
'MI32.MaskedEntryLaw.integral_sq_masked_le' depends on axioms: [propext, Classical.choice, Quot.sound]
'MI32.MaskedEntryLaw.integral_sq_masked_nonneg' depends on axioms: [propext, Classical.choice, Quot.sound]
'MI32.MaskedEntryLaw.mask_of_integral_sq_masked_ne_zero' depends on axioms: [propext, Classical.choice, Quot.sound]
'MI32.MaskedEntryLaw.masked_apply_false' depends on axioms: [propext, Classical.choice, Quot.sound]
'MI32.MaskedEntryLaw.masked_apply_true' depends on axioms: [propext, Classical.choice, Quot.sound]
'MI32.MaskedEntryLaw.masked_eq_of_true' depends on axioms: [propext, Classical.choice, Quot.sound]
'MI32.MaskedEntryLaw.masked_eq_zero_of_false' depends on axioms: [propext, Classical.choice, Quot.sound]
'MI32.MaskedEntryLaw.masked_sq_le' depends on axioms: [propext, Classical.choice, Quot.sound]
'MI32.MaskedEntryLaw.measurable_masked' depends on axioms: [propext, Classical.choice, Quot.sound]
'MI32.MaskedEntryLaw.moment_zero_fun' depends on axioms: [propext, Classical.choice, Quot.sound]
'MI32.MaskedEntryLaw.regular_masked' depends on axioms: [propext, Classical.choice, Quot.sound]
'MI32.MaskedEntryLaw.sum_col_sq_masked_le' depends on axioms: [propext, Classical.choice, Quot.sound]
'MI32.MaskedEntryLaw.sum_row_sq_masked_le' depends on axioms: [propext, Classical.choice, Quot.sound]
'MI32.MaskedEntryLaw.symmetric_masked' depends on axioms: [propext, Classical.choice, Quot.sound]
'MI32.NearBlockMoment.blockBound_nonneg' depends on axioms: [propext, Classical.choice, Quot.sound]
'MI32.NearBlockMoment.block_integral_pow_le' depends on axioms: [propext, Classical.choice, Quot.sound]
'MI32.NearBlockMoment.block_moment_le' depends on axioms: [propext, Classical.choice, Quot.sound]
'MI32.NearBlockMoment.doublingConstant_nonneg' depends on axioms: [propext, Classical.choice, Quot.sound]
'MI32.NearBlockMoment.integral_pow_le_of_dominated' depends on axioms: [propext, Classical.choice, Quot.sound]
'MI32.NearMaskMean.budget_one' depends on axioms: [propext]
'MI32.NearMaskMean.integrable_sq_nearLow' depends on axioms: [propext, Classical.choice, Quot.sound]
'MI32.NearMaskMean.integral_sq_nearLow_le' depends on axioms: [propext, Classical.choice, Quot.sound]
'MI32.NearMaskMean.mean_mask_le' depends on axioms: [propext, Classical.choice, Quot.sound]
'MI32.NearMaskMean.mean_nearCross_le' depends on axioms: [propext, Classical.choice, Quot.sound]
'MI32.NearMaskMean.mean_nearHigh_le' depends on axioms: [propext, Classical.choice, Quot.sound]
'MI32.NearMaskMean.mean_nearLow_le' depends on axioms: [propext, Classical.choice, Quot.sound]
'MI32.NearMaskMean.measurable_nearCross' depends on axioms: [propext, Classical.choice, Quot.sound]
'MI32.NearMaskMean.measurable_nearHigh' depends on axioms: [propext, Classical.choice, Quot.sound]
'MI32.NearMaskMean.measurable_nearLow' depends on axioms: [propext, Classical.choice, Quot.sound]
'MI32.NestedDeletionFamily.card_filter_level_le' depends on axioms: [propext, Classical.choice, Quot.sound]
'MI32.NestedDeletionFamily.card_sets_le' depends on axioms: [propext, Classical.choice, Quot.sound]
'MI32.NestedDeletionFamily.column_screen' depends on axioms: [propext, Classical.choice, Quot.sound]
'MI32.NestedDeletionFamily.level_le_iff' depends on axioms: [propext, Classical.choice, Quot.sound]
'MI32.NestedDeletionFamily.row_screen' depends on axioms: [propext, Classical.choice, Quot.sound]
'MI32.NestedDeletionFamily.sets_horizon_eq_univ' depends on axioms: [propext, Classical.choice, Quot.sound]
'MI32.NestedDeletionFamily.sets_mono' depends on axioms: [propext, Classical.choice, Quot.sound]
'MI32.NestedDeletionFamily.sets_succ' depends on axioms: [propext, Classical.choice, Quot.sound]
'MI32.NestedDeletionFamily.sets_zero' depends on axioms: [propext, Classical.choice, Quot.sound]
'MI32.NestedDeletionFamily.weak_screen' depends on axioms: [propext, Classical.choice, Quot.sound]
'MI32.NestedShells.cumulative_card_eq' depends on axioms: [propext, Classical.choice, Quot.sound]
'MI32.NestedShells.cumulative_eq' depends on axioms: [propext, Classical.choice, Quot.sound]
'MI32.NestedShells.entry_partition' depends on axioms: [propext, Classical.choice, Quot.sound]
'MI32.NestedShells.exists_unique_shell' depends on axioms: [propext, Classical.choice, Quot.sound]
'MI32.NestedShells.farLower_common_support' depends on axioms: [propext, Classical.choice, Quot.sound]
'MI32.NestedShells.farLower_nonzero' depends on axioms: [propext, Classical.choice, Quot.sound]
'MI32.NestedShells.farLower_nonzero_outside' depends on axioms: [propext, Classical.choice, Quot.sound]
'MI32.NestedShells.farUpper_eq_transpose_farLower' depends on axioms: [propext, Classical.choice, Quot.sound]
'MI32.NestedShells.level_le_iff' depends on axioms: [propext, Classical.choice, Quot.sound]
'MI32.NestedShells.level_le_of_mem' depends on axioms: [propext, Classical.choice, Quot.sound]
'MI32.NestedShells.mem_level' depends on axioms: [propext, Classical.choice, Quot.sound]
'MI32.NestedShells.mem_of_level_le' depends on axioms: [propext, Classical.choice, Quot.sound]
'MI32.NestedShells.mem_own_shell' depends on axioms: [propext, Classical.choice, Quot.sound]
'MI32.NestedShells.near_iff' depends on axioms: [propext, Classical.choice, Quot.sound]
'MI32.NestedShells.near_masks_disjoint' depends on axioms: [propext, Quot.sound]
'MI32.NestedShells.shell_disjoint' depends on axioms: [propext, Classical.choice, Quot.sound]
'MI32.NestedShells.shell_succ' depends on axioms: [propext, Classical.choice, Quot.sound]
'MI32.NestedShells.shell_zero' depends on axioms: [propext, Classical.choice, Quot.sound]
'MI32.RestrictedBlockFamily.bilinear_blockEntries_eq_deletedBilinear' depends on axioms: [propext,
 Classical.choice,
 Quot.sound]
'MI32.RestrictedBlockFamily.blockEntries_apply' depends on axioms: [propext, Classical.choice, Quot.sound]
'MI32.RestrictedBlockFamily.col_budget_blockEntries' depends on axioms: [propext, Classical.choice, Quot.sound]
'MI32.RestrictedBlockFamily.fiberExtend_apply_of_eq' depends on axioms: [propext, Classical.choice, Quot.sound]
'MI32.RestrictedBlockFamily.fiberExtend_apply_of_ne' depends on axioms: [propext, Classical.choice, Quot.sound]
'MI32.RestrictedBlockFamily.independent_blockEntries' depends on axioms: [propext, Classical.choice, Quot.sound]
'MI32.RestrictedBlockFamily.integrable_blockEntries' depends on axioms: [propext, Classical.choice, Quot.sound]
'MI32.RestrictedBlockFamily.measurable_blockEntries' depends on axioms: [propext, Classical.choice, Quot.sound]
'MI32.RestrictedBlockFamily.moment_bilinear_blockEntries_le_weakMoment' depends on axioms: [propext,
 Classical.choice,
 Quot.sound]
'MI32.RestrictedBlockFamily.norm_fiberExtend' depends on axioms: [propext, Classical.choice, Quot.sound]
'MI32.RestrictedBlockFamily.rectangular_blockEntries' depends on axioms: [propext, Classical.choice, Quot.sound]
'MI32.RestrictedBlockFamily.regular_blockEntries' depends on axioms: [propext, Classical.choice, Quot.sound]
'MI32.RestrictedBlockFamily.row_budget_blockEntries' depends on axioms: [propext, Classical.choice, Quot.sound]
'MI32.RestrictedBlockFamily.sum_fiber_dite' depends on axioms: [propext, Classical.choice, Quot.sound]
'MI32.RestrictedBlockFamily.symmetric_blockEntries' depends on axioms: [propext, Classical.choice, Quot.sound]
'MI32.SymmetricDeletion.deletionCoeff_nonneg' depends on axioms: [propext, Classical.choice, Quot.sound]
'MI32.SymmetricDeletion.deletionConstant_pos' depends on axioms: [propext, Classical.choice, Quot.sound]
'MI32.SymmetricDeletion.exists_upperBoundAt' depends on axioms: [propext, Classical.choice, Quot.sound]
'MI32.SymmetricDeletion.five_masks_le' depends on axioms: [propext, Classical.choice, Quot.sound]
'MI32.SymmetricDeletion.integrable_and_mean_spectralNorm_le' depends on axioms: [propext, Classical.choice, Quot.sound]
'MI32.SymmetricDeletion.symmetricUpperBoundAt' depends on axioms: [propext, Classical.choice, Quot.sound]
'MI32.SymmetricDeletion.upperBoundAt' depends on axioms: [propext, Classical.choice, Quot.sound]
'MI32.SymmetricDeletion.varianceCoeff_pos' depends on axioms: [propext, Classical.choice, Quot.sound]
'MI32.WeakDeletionMonotonicity.deletedBilinear_mask' depends on axioms: [propext, Classical.choice, Quot.sound]
'MI32.WeakDeletionMonotonicity.mask_apply_mem' depends on axioms: [propext, Classical.choice, Quot.sound]
'MI32.WeakDeletionMonotonicity.mask_apply_not_mem' depends on axioms: [propext, Classical.choice, Quot.sound]
'MI32.WeakDeletionMonotonicity.norm_mask_le' depends on axioms: [propext, Classical.choice, Quot.sound]
'MI32.WeakDeletionMonotonicity.norm_mask_sq' depends on axioms: [propext, Classical.choice, Quot.sound]
'MI32.WeakDeletionMonotonicity.weakMoment_antitone' depends on axioms: [propext, Classical.choice, Quot.sound]
'MI32.WeakDeletionMonotonicity.weakMoment_le_of_subset_of_order' depends on axioms: [propext,
 Classical.choice,
 Quot.sound]
'MI32.WeakDeletionMonotonicity.weakMoment_mono_order' depends on axioms: [propext, Classical.choice, Quot.sound]
'MI32.RegularWitness.abs_sign' depends on axioms: [propext, Classical.choice, Quot.sound]
'MI32.RegularWitness.abs_sign_rpow' depends on axioms: [propext, Classical.choice, Quot.sound]
'MI32.RegularWitness.coe_half' depends on axioms: [propext, Classical.choice, Quot.sound]
'MI32.RegularWitness.exists_regularEntries' depends on axioms: [propext, Classical.choice, Quot.sound]
'MI32.RegularWitness.independent_entries' depends on axioms: [propext, Classical.choice, Quot.sound]
'MI32.RegularWitness.integrable_entry_abs_rpow' depends on axioms: [propext, Classical.choice, Quot.sound]
'MI32.RegularWitness.integral_coordinate' depends on axioms: [propext, Classical.choice, Quot.sound]
'MI32.RegularWitness.integral_entry' depends on axioms: [propext, Classical.choice, Quot.sound]
'MI32.RegularWitness.integral_entry_sq' depends on axioms: [propext, Classical.choice, Quot.sound]
'MI32.RegularWitness.integral_sign' depends on axioms: [propext, Classical.choice, Quot.sound]
'MI32.RegularWitness.measurable_entry' depends on axioms: [propext, Classical.choice, Quot.sound]
'MI32.RegularWitness.measurable_sign' depends on axioms: [propext, Classical.choice, Quot.sound]
'MI32.RegularWitness.moment_entry' depends on axioms: [propext, Classical.choice, Quot.sound]
'MI32.RegularWitness.regularEntries_signMatrix' depends on axioms: [propext, Classical.choice, Quot.sound]
'MI32.RegularWitness.regular_entry' depends on axioms: [propext, Classical.choice, Quot.sound]
'MI32.RegularWitness.rowStd_signMatrix' depends on axioms: [propext, Classical.choice, Quot.sound]
'MI32.RegularWitness.signMatrix_apply' depends on axioms: [propext, Classical.choice, Quot.sound]
'MI32.RegularWitness.sign_sq' depends on axioms: [propext, Classical.choice, Quot.sound]
'MI32.RegularWitness.varianceScale_pos' depends on axioms: [propext, Classical.choice, Quot.sound]
