{
  "checked_at": "2026-09-13T23:24:21.919448+00:00",
  "status": "incomplete",
  "core": "passed",
  "full_target": "unproved",
  "comparator": "not_run",
  "nanoda": "not_run",
  "rendering": "not_run",
  "editorial_review": "not_requested",
  "registration": "not_requested",
  "layout": "passed_local_checks",
  "lean_version": "Lean (version 4.33.0, x86_64-w64-windows-gnu, commit d8b18978322de05a8f3dba51ef03cf5461676c17, Release)",
  "checked_core_modules": [
    "MI32",
    "MI32.ActiveCountSectors",
    "MI32.AnnihilationSectorContraction",
    "MI32.AxisRestriction",
    "MI32.BipartiteConeContraction",
    "MI32.BipartiteNorm",
    "MI32.BipartiteVacuumIteration",
    "MI32.ConeInterpolation",
    "MI32.CopySymmetrization",
    "MI32.CreationSectorContraction",
    "MI32.DiagonalCopyComparison",
    "MI32.FiniteNet",
    "MI32.HilbertComparison",
    "MI32.HilbertConditioning",
    "MI32.HilbertWalsh",
    "MI32.IndependentColumns",
    "MI32.LocalSymmetricMoment",
    "MI32.MaskedPolynomialAction",
    "MI32.MatrixImages",
    "MI32.MomentDoubling",
    "MI32.MomentTools",
    "MI32.MultiplicationHolder",
    "MI32.OutputPolynomialInteraction",
    "MI32.ParityGeometry",
    "MI32.ParityWalshCompression",
    "MI32.PolynomialEnergyAssembly",
    "MI32.PolynomialSectorEnergy",
    "MI32.PolynomialSectorMasks",
    "MI32.PositiveCone",
    "MI32.PositiveLinearPowers",
    "MI32.PositiveMomentComparison",
    "MI32.PositivePolynomial",
    "MI32.PositiveVacuumWords",
    "MI32.PositiveWordExtension",
    "MI32.RawAnnihilatorContraction",
    "MI32.RawCountBlocks",
    "MI32.RawCreatorContraction",
    "MI32.RawDirectionalActions",
    "MI32.RawMultiplicationContraction",
    "MI32.RawParity",
    "MI32.RawPositiveCone",
    "MI32.RawSectorNorms",
    "MI32.RegularPositiveCone",
    "MI32.RegularPositivePolynomial",
    "MI32.RestrictedThinMatrix",
    "MI32.Statement",
    "MI32.StatementChecks",
    "MI32.SupportedPolynomialInteraction",
    "MI32.SymmetricConeInterpolation",
    "MI32.SymmetricLaw",
    "MI32.SymmetricLinearRegularity",
    "MI32.SymmetricMomentComparison",
    "MI32.SymmetricPositiveCone",
    "MI32.ThinMatrix",
    "MI32.ThinMomentRoot",
    "MI32.ThinNetMoment",
    "MI32.ThinPolynomialInteraction",
    "MI32.ThinTranspose",
    "MI32.TransposedPolynomialContraction",
    "MI32.VacuumNormBound"
  ],
  "full_target_axioms": [
    "propext",
    "sorryAx",
    "Classical.choice",
    "Quot.sound"
  ],
  "solution_sorry_count": 1,
  "reason": "The original MI-32 theorem depends on sorryAx; do not submit as a completed proof."
}
